// Jest Snapshot v1, https://goo.gl/fbAQLP

exports[`<App /> should match snapshot 1`] = `
<div
  className="App"
>
  <header>
    <h1>
      Hello World
    </h1>
  </header>
</div>
`;
